
> tamil_calendar@0.1.0 build
> next build

Γû▓ Next.js 16.1.6 (Turbopack)

  Creating an optimized production build ...
Γ£ô Compiled successfully in 5.4s
  Running TypeScript ...
node.exe : Failed to compile.
At line:1 char:1
+ & "C:\Program Files\nodejs/node.exe" "C:\Program 
Files\nodejs/node_mo ...
+ ~~~~~~~~~~~~~~~~~~~~~~~~~~~~~~~~~~~~~~~~~~~~~~~~~~~~~~~~~~~~
~~~~~~~~~
    + CategoryInfo          : NotSpecified: (Failed to compil 
   e.:String) [], RemoteException
    + FullyQualifiedErrorId : NativeCommandError
 

./src/app/[festival]-2026-date/page.tsx:130:34
Type error: Cannot find name 'ArrowRight'.

[0m [90m 128 |[39m                                     
[33m<[39m[33mp[39m className[33m=[39m[32m"text-sm 
text-foreground/60"[39m[33m>[39m{[36mnew[39m [33mDate[3
9m(f[33m.[39mdate)[33m.[39mtoLocaleDateString([32m'en-US'
[39m[33m,[39m { month[33m:[39m 
[32m'long'[39m[33m,[39m day[33m:[39m 
[32m'numeric'[39m[33m,[39m year[33m:[39m 
[32m'numeric'[39m 
})}[33m<[39m[33m/[39m[33mp[39m[33m>[39m
 [90m 129 |[39m                                 
[33m<[39m[33m/[39m[33mdiv[39m[33m>[39m
[31m[1m>[22m[39m[90m 130 |[39m                          
       [33m<[39m[33mArrowRight[39m 
className[33m=[39m[32m"h-4 w-4 text-maroon-400"[39m 
[33m/[39m[33m>[39m
 [90m     |[39m                                  
[31m[1m^[22m[39m
 [90m 131 |[39m                             
[33m<[39m[33m/[39m[33mLink[39m[33m>[39m
 [90m 132 |[39m                         ))}
 [90m 133 |[39m                     
[33m<[39m[33m/[39m[33mdiv[39m[33m>[39m[0m
Next.js build worker exited with code: 1 and signal: null
